------------------------------------------------------------
Timing Analyzer Summary
------------------------------------------------------------

Type  : Slow 1100mV 85C Model Setup 'clk'
Slack : -4.880
TNS   : -41.220

Type  : Slow 1100mV 85C Model Setup 'counter:u1|tick'
Slack : -3.650
TNS   : -118.588

Type  : Slow 1100mV 85C Model Hold 'counter:u1|tick'
Slack : 0.278
TNS   : 0.000

Type  : Slow 1100mV 85C Model Hold 'clk'
Slack : 0.387
TNS   : 0.000

Type  : Slow 1100mV 85C Model Minimum Pulse Width 'clk'
Slack : -0.455
TNS   : -16.917

Type  : Slow 1100mV 85C Model Minimum Pulse Width 'counter:u1|tick'
Slack : -0.394
TNS   : -18.740

Type  : Slow 1100mV 0C Model Setup 'clk'
Slack : -4.877
TNS   : -44.227

Type  : Slow 1100mV 0C Model Setup 'counter:u1|tick'
Slack : -3.608
TNS   : -115.822

Type  : Slow 1100mV 0C Model Hold 'counter:u1|tick'
Slack : 0.248
TNS   : 0.000

Type  : Slow 1100mV 0C Model Hold 'clk'
Slack : 0.397
TNS   : 0.000

Type  : Slow 1100mV 0C Model Minimum Pulse Width 'clk'
Slack : -0.492
TNS   : -18.271

Type  : Slow 1100mV 0C Model Minimum Pulse Width 'counter:u1|tick'
Slack : -0.394
TNS   : -18.711

Type  : Fast 1100mV 85C Model Setup 'clk'
Slack : -3.936
TNS   : -12.317

Type  : Fast 1100mV 85C Model Setup 'counter:u1|tick'
Slack : -1.907
TNS   : -56.714

Type  : Fast 1100mV 85C Model Hold 'counter:u1|tick'
Slack : 0.125
TNS   : 0.000

Type  : Fast 1100mV 85C Model Hold 'clk'
Slack : 0.188
TNS   : 0.000

Type  : Fast 1100mV 85C Model Minimum Pulse Width 'clk'
Slack : -0.528
TNS   : -3.385

Type  : Fast 1100mV 85C Model Minimum Pulse Width 'counter:u1|tick'
Slack : 0.085
TNS   : 0.000

Type  : Fast 1100mV 0C Model Setup 'clk'
Slack : -3.292
TNS   : -11.137

Type  : Fast 1100mV 0C Model Setup 'counter:u1|tick'
Slack : -1.692
TNS   : -50.250

Type  : Fast 1100mV 0C Model Hold 'counter:u1|tick'
Slack : 0.101
TNS   : 0.000

Type  : Fast 1100mV 0C Model Hold 'clk'
Slack : 0.180
TNS   : 0.000

Type  : Fast 1100mV 0C Model Minimum Pulse Width 'clk'
Slack : -0.526
TNS   : -3.345

Type  : Fast 1100mV 0C Model Minimum Pulse Width 'counter:u1|tick'
Slack : 0.100
TNS   : 0.000

------------------------------------------------------------
